C:/Users/hgholab/OneDrive/Source Code/Embedded Systems/Modules/Final_Project/chip_headers/CMSIS/Include/core_cm4.h:1684:22:__NVIC_EnableIRQ	16	static,ignoring_inline_asm
C:/Users/hgholab/OneDrive/Source Code/Embedded Systems/Modules/Final_Project/chip_headers/CMSIS/Include/core_cm4.h:1722:22:__NVIC_DisableIRQ	16	static,ignoring_inline_asm
../Src/cli.c:96:6:cli_init	8	static
../Src/cli.c:104:6:cli_process_rx_byte	32	static
../Src/cli.c:159:6:cli_configure_mode_LEDs	16	static
../Src/cli.c:182:6:cli_configure_text_color	16	static
../Src/cli.c:202:6:cli_set_ui_owner	16	static
../Src/cli.c:207:12:cli_get_ui_owner	4	static
../Src/cli.c:221:18:cli_tokenize_command	32	static
../Src/cli.c:258:12:cli_execute_command	40	static
../Src/cli.c:330:12:cli_show_help_and_notes_handler	32	static
../Src/cli.c:338:12:cli_show_status_handler	56	static
../Src/cli.c:352:12:cli_set_mode_handler	40	static
../Src/cli.c:435:12:cli_set_type_handler	40	static
../Src/cli.c:478:12:cli_stream_handler	32	static
../Src/cli.c:496:12:cli_set_kp_handler	32	static
../Src/cli.c:514:12:cli_set_ki_handler	32	static
../Src/cli.c:532:12:cli_set_kd_handler	32	static
../Src/cli.c:550:12:cli_set_ref_handler	48	static
../Src/cli.c:590:12:cli_exit_command_handler	48	static
../Src/cli.c:614:13:cli_show_startup_menu	32	static
../Src/cli.c:667:13:cli_show_system_status	32	static
../Src/cli.c:689:13:cli_show_config_menu	8	static
../Src/cli.c:707:13:cli_show_help_and_notes	8	static
