../Src/cli.c:106:6:cli_init	8	static
../Src/cli.c:111:6:cli_process_rx_byte	32	static
../Src/cli.c:156:6:cli_button_handler	16	static
../Src/cli.c:212:6:cli_configure_mode_LEDs	16	static
../Src/cli.c:235:6:cli_configure_text_color	16	static
../Src/cli.c:264:18:cli_tokenize_command	32	static
../Src/cli.c:301:12:cli_execute_command	40	static
../Src/cli.c:372:12:cli_show_help_and_notes_handler	32	static
../Src/cli.c:380:12:cli_show_status_handler	56	static
../Src/cli.c:394:12:cli_uart_set_mode_handler	40	static
../Src/cli.c:458:12:cli_set_type_handler	40	static
../Src/cli.c:500:12:cli_stream_handler	32	static
../Src/cli.c:517:12:cli_set_kp_handler	32	static
../Src/cli.c:534:12:cli_set_ki_handler	32	static
../Src/cli.c:551:12:cli_set_kd_handler	32	static
../Src/cli.c:568:12:cli_set_ref_handler	48	static
../Src/cli.c:609:12:cli_exit_command_handler	48	static
../Src/cli.c:644:12:cli_clear_command_handler	32	static
../Src/cli.c:652:13:cli_show_startup_menu	32	static
../Src/cli.c:702:13:cli_show_system_status	32	static
../Src/cli.c:725:13:cli_show_config_menu	8	static
../Src/cli.c:750:13:cli_show_help_and_notes	8	static
../Src/cli.c:801:13:cli_print_mode_change_message	16	static
