C:/Users/hgholab/OneDrive/Source Code/Embedded Systems/Modules/Final_Project/chip_headers/CMSIS/Include/core_cm4.h:1684:22:__NVIC_EnableIRQ	16	static,ignoring_inline_asm
C:/Users/hgholab/OneDrive/Source Code/Embedded Systems/Modules/Final_Project/chip_headers/CMSIS/Include/core_cm4.h:1722:22:__NVIC_DisableIRQ	16	static,ignoring_inline_asm
../Src/converter.c:80:6:converter_init	8	static
../Src/converter.c:87:6:converter_reset_state	16	static
../Src/converter.c:93:6:converter_update	72	static
../Src/converter.c:136:18:converter_get_type	4	static
../Src/converter.c:141:6:converter_set_type	16	static
../Src/converter.c:146:18:converter_get_mode	4	static
../Src/converter.c:151:6:converter_set_mode	16	static
