../Src/gpio.c:94:6:gpio_init	8	static
../Src/gpio.c:138:6:gpio_set_pin	16	static
../Src/gpio.c:144:6:gpio_clear_pin	16	static
../Src/gpio.c:149:6:gpio_toggle_pin	16	static
../Src/gpio.c:154:6:gpio_read_pin_input	16	static
../Src/gpio.c:163:6:gpio_button_is_pressed	16	static
../Src/gpio.c:181:13:gpio_enable_port_clock	16	static
../Src/gpio.c:186:13:gpio_set_pin_mode	16	static
../Src/gpio.c:194:1:gpio_set_pin_alternate_function	16	static
../Src/gpio.c:218:13:gpio_set_pin_ospeed	16	static
../Src/gpio.c:226:13:gpio_set_pin_otype	16	static
../Src/gpio.c:238:13:gpio_set_pin_pupd	16	static
