../Src/gpio.c:96:6:gpio_init	8	static
../Src/gpio.c:140:6:gpio_set_pin	16	static
../Src/gpio.c:146:6:gpio_clear_pin	16	static
../Src/gpio.c:151:6:gpio_toggle_pin	16	static
../Src/gpio.c:156:6:gpio_read_pin_input	16	static
../Src/gpio.c:162:6:gpio_button_is_pressed	16	static
../Src/gpio.c:180:13:gpio_enable_port_clock	16	static
../Src/gpio.c:185:13:gpio_set_pin_mode	16	static
../Src/gpio.c:193:1:gpio_set_pin_alternate_function	16	static
../Src/gpio.c:217:13:gpio_set_pin_ospeed	16	static
../Src/gpio.c:225:13:gpio_set_pin_otype	16	static
../Src/gpio.c:237:13:gpio_set_pin_pupd	16	static
